# The surface homebutler freezes at 1.0.
# Regenerate with: go test ./internal/contract -update
# What this covers, and what it deliberately does not, is in docs/compatibility.md.

## tools
alerts risk=read args=[server:string]
alerts_history risk=read args=[server:string]
backup_create risk=write args=[server:string service:string to:string]
backup_drill risk=write args=[all:boolean app:string archive:string server:string]
backup_list risk=read args=[server:string]
backup_restore risk=destructive args=[archive:string server:string service:string] required=[archive]
config_validate risk=read args=[strict:boolean]
docker_inspect risk=read args=[name:string server:string] required=[name]
docker_list risk=read args=[server:string]
docker_logs risk=read args=[lines:string name:string server:string] required=[name]
docker_restart risk=write args=[name:string server:string] required=[name]
docker_stats risk=read args=[server:string]
docker_stop risk=destructive args=[name:string server:string] required=[name]
docker_top risk=read args=[name:string server:string] required=[name]
doctor risk=read args=[backup_max_age_hours:number server:string]
install_app risk=write args=[app:string port:string] required=[app]
install_list risk=read args=[]
install_purge risk=destructive args=[app:string] required=[app]
install_status risk=read args=[app:string] required=[app]
install_uninstall risk=write args=[app:string] required=[app]
inventory_export risk=read args=[format:string server:string]
inventory_scan risk=read args=[server:string]
network_scan risk=read args=[]
notify_test risk=write args=[server:string]
open_ports risk=read args=[server:string]
processes risk=read args=[limit:string server:string sort_by:string]
proxmox_guest_reboot risk=write args=[confirm:boolean endpoint:string node:string type:string vmid:integer] required=[confirm endpoint node type vmid]
proxmox_guest_shutdown risk=destructive args=[confirm:boolean endpoint:string node:string type:string vmid:integer] required=[confirm endpoint node type vmid]
proxmox_guest_start risk=write args=[confirm:boolean endpoint:string node:string type:string vmid:integer] required=[confirm endpoint node type vmid]
proxmox_guests risk=read args=[endpoint:string node:string status:string type:string]
proxmox_node risk=read args=[endpoint:string node:string] required=[node]
proxmox_script_command risk=read args=[slug:string] required=[slug]
proxmox_script_list risk=read args=[]
proxmox_status risk=read args=[endpoint:string]
proxmox_task_status risk=read args=[endpoint:string node:string upid:string] required=[endpoint node upid]
proxmox_tasks risk=read args=[endpoint:string node:string] required=[node]
report risk=write args=[keep:number no_save:boolean server:string]
system_status risk=read args=[server:string]
wake risk=write args=[broadcast:string target:string] required=[target]
watch_add risk=write args=[container:string kind:string server:string unit:string] required=[container]
watch_check risk=write args=[server:string]
watch_history risk=read args=[container:string include_logs:boolean limit:string server:string]
watch_list risk=read args=[server:string]
watch_remove risk=write args=[container:string server:string] required=[container]

## routes
GET /api/alerts protection=none
GET /api/backup protection=none
GET /api/capabilities protection=none
GET /api/config protection=none
GET /api/docker protection=none
GET /api/docker/stats protection=none
GET /api/doctor protection=none
GET /api/install protection=none
GET /api/install/{app} protection=none
GET /api/overview protection=none
GET /api/ports protection=none
GET /api/processes protection=none
GET /api/proxmox/endpoints protection=none
GET /api/proxmox/guests protection=none
GET /api/proxmox/status protection=none
GET /api/report protection=none
GET /api/servers protection=none
GET /api/servers/{name}/status protection=none
GET /api/status protection=none
GET /api/version protection=none
GET /api/wake protection=none
GET /api/watch protection=none
GET /api/watch/incidents protection=none
GET /api/watch/incidents/{id} protection=none
OPTIONS /api/ protection=none
POST /api/backup protection=token
POST /api/backup/drill protection=token
POST /api/backup/restore protection=token+name
POST /api/docker/{name}/restart protection=token
POST /api/docker/{name}/stop protection=token+confirm
POST /api/install/{app} protection=token
POST /api/install/{app}/purge protection=token+name
POST /api/install/{app}/uninstall protection=token
POST /api/notify/test protection=token
POST /api/proxmox/guests/{vmid}/reboot protection=token
POST /api/proxmox/guests/{vmid}/shutdown protection=token+confirm
POST /api/proxmox/guests/{vmid}/start protection=token
POST /api/report/snapshot protection=token
POST /api/wake/{name} protection=token
POST /api/watch/check protection=token
POST /api/watch/targets protection=token
POST /api/watch/targets/{name}/remove protection=token
PUT /api/config/alerts protection=token
PUT /api/config/notify protection=token
PUT /api/config/proxmox protection=token
PUT /api/config/servers protection=token
PUT /api/config/wake protection=token

## outputs
alerts: AlertResult
alerts_history: []HistoryEntry
backup_create: BackupResult
backup_drill: DrillResult
backup_list: []ListEntry
backup_restore: RestoreResult
config_validate: ConfigValidateResult
docker_inspect: InspectResult
docker_list: []Container
docker_logs: LogsResult
docker_restart: ActionResult
docker_stats: []ContainerStats
docker_stop: ActionResult
docker_top: TopResult
doctor: Result
install_app: InstallResult
install_list: []App
install_purge: InstallResult
install_status: InstallStatusResult
install_uninstall: InstallResult
inventory_export: InventoryExportResult
inventory_scan: Inventory
network_scan: []Device
notify_test: []TestResult
open_ports: Result
processes: ProcessResult
proxmox_guest_reboot: proxmoxGuestActionResult
proxmox_guest_shutdown: proxmoxGuestActionResult
proxmox_guest_start: proxmoxGuestActionResult
proxmox_guests: passthrough
proxmox_node: passthrough
proxmox_script_command: ProxmoxScriptCommandResult
proxmox_script_list: []Script
proxmox_status: passthrough
proxmox_task_status: passthrough
proxmox_tasks: passthrough
report: Report
system_status: StatusInfo
wake: WakeResult
watch_add: WatchAddResult
watch_check: RunResult
watch_history: []Incident
watch_list: []WatchedTarget
watch_remove: WatchRemoveResult

## absent
alerts_history: no-view-yet
config_validate: no-view-yet
docker_inspect: no-view-yet
docker_logs: no-view-yet
docker_top: no-view-yet
inventory_export: no-view-yet
inventory_scan: no-view-yet
network_scan: no-view-yet
proxmox_node: no-view-yet
proxmox_script_command: no-view-yet
proxmox_script_list: no-view-yet
proxmox_task_status: no-view-yet
proxmox_tasks: no-view-yet

## json
report.Report.compared_to?:string
report.Report.failed_collectors?:[]string
report.Report.is_baseline:bool
report.Report.needs_attention.kind:string
report.Report.needs_attention.target?:string
report.Report.needs_attention.text:string
report.Report.needs_attention:[]Finding
report.Report.notable_changes.detail?:string
report.Report.notable_changes.kind:string
report.Report.notable_changes.target:string
report.Report.notable_changes.text:string
report.Report.notable_changes:[]ChangeLine
report.Report.public_port_count:?int
report.Report.running_count:?int
report.Report.server_name:string
report.Report.snapshot_saved:bool
report.Report.status:[]string
report.Report.stopped_count:?int
report.Report.suggested_actions.command?:string
report.Report.suggested_actions.runner?:string
report.Report.suggested_actions.text:string
report.Report.suggested_actions.tool?:string
report.Report.suggested_actions:[]Action
report.Report.system?.arch:string
report.Report.system?.cpu.cores:int
report.Report.system?.cpu.usage_percent:float64
report.Report.system?.cpu:CPUInfo
report.Report.system?.disks.mount:string
report.Report.system?.disks.total_gb:float64
report.Report.system?.disks.usage_percent:float64
report.Report.system?.disks.used_gb:float64
report.Report.system?.disks:[]DiskInfo
report.Report.system?.hostname:string
report.Report.system?.memory.total_gb:float64
report.Report.system?.memory.usage_percent:float64
report.Report.system?.memory.used_gb:float64
report.Report.system?.memory:MemInfo
report.Report.system?.os:string
report.Report.system?.time:string
report.Report.system?.uptime:string
report.Report.system?:?StatusInfo
report.Report.timestamp:string
report.Report.warnings?:[]string
report.ChangeLine.detail?:string
report.ChangeLine.kind:string
report.ChangeLine.target:string
report.ChangeLine.text:string
report.Finding.kind:string
report.Finding.target?:string
report.Finding.text:string
report.Action.command?:string
report.Action.runner?:string
report.Action.text:string
report.Action.tool?:string
doctor.Result.findings.action?:string
doctor.Result.findings.category:string
doctor.Result.findings.command?:string
doctor.Result.findings.detail?:string
doctor.Result.findings.runner?:string
doctor.Result.findings.severity:string
doctor.Result.findings.title:string
doctor.Result.findings.tool?:string
doctor.Result.findings:[]Finding
doctor.Result.server_name:string
doctor.Result.status:string
doctor.Result.summary.fail:int
doctor.Result.summary.pass:int
doctor.Result.summary.warn:int
doctor.Result.summary:Summary
doctor.Result.timestamp:string
doctor.Finding.action?:string
doctor.Finding.category:string
doctor.Finding.command?:string
doctor.Finding.detail?:string
doctor.Finding.runner?:string
doctor.Finding.severity:string
doctor.Finding.title:string
doctor.Finding.tool?:string
doctor.Summary.fail:int
doctor.Summary.pass:int
doctor.Summary.warn:int
system.StatusInfo.arch:string
system.StatusInfo.cpu.cores:int
system.StatusInfo.cpu.usage_percent:float64
system.StatusInfo.cpu:CPUInfo
system.StatusInfo.disks.mount:string
system.StatusInfo.disks.total_gb:float64
system.StatusInfo.disks.usage_percent:float64
system.StatusInfo.disks.used_gb:float64
system.StatusInfo.disks:[]DiskInfo
system.StatusInfo.hostname:string
system.StatusInfo.memory.total_gb:float64
system.StatusInfo.memory.usage_percent:float64
system.StatusInfo.memory.used_gb:float64
system.StatusInfo.memory:MemInfo
system.StatusInfo.os:string
system.StatusInfo.time:string
system.StatusInfo.uptime:string

## vocabularies
report.kind: gone new replaced image state port disk skipped
doctor.runner: mcp cli shell
doctor.category: backup config docker exposure incomplete notifications overall proxmox report system watch
